// Jest Snapshot v1, https://goo.gl/fbAQLP

exports[`Test the company api It should list companies 1`] = `
{
  "data": {
    "listCompanies": [
      {
        "canonicalUrl": "/stocks/au/software/asx-apt/afterpay-shares",
        "dateGenerated": "2020-05-24 11:01:59.000000",
        "exchangeCountryIso": "AU",
        "exchangeSymbol": "ASX",
        "id": "46B285BC-B25F-4814-985C-390A4BFA2023",
        "listingCurrencyIso": "AUD",
        "name": "Afterpay",
        "scoreId": 26507,
        "securityName": "Ordinary Shares",
        "tickerSymbol": "APT",
        "uniqueSymbol": "ASX:APT",
        "uniqueSymbolSlug": "asx-apt",
      },
      {
        "canonicalUrl": "/stocks/au/materials/asx-bhp/bhp-group-shares",
        "dateGenerated": "2020-05-24 10:36:54.000000",
        "exchangeCountryIso": "AU",
        "exchangeSymbol": "ASX",
        "id": "4BE2C01F-F390-479C-A166-8E0DD73CF7B9",
        "listingCurrencyIso": "AUD",
        "name": "BHP Group",
        "scoreId": 1895,
        "securityName": "LTD Ordinary Shares",
        "tickerSymbol": "BHP",
        "uniqueSymbol": "ASX:BHP",
        "uniqueSymbolSlug": "asx-bhp",
      },
      {
        "canonicalUrl": "/stocks/us/retail/nyse-baba/alibaba-group-holding",
        "dateGenerated": "2020-05-24 06:23:25.000000",
        "exchangeCountryIso": "US",
        "exchangeSymbol": "NYSE",
        "id": "C8250615-877A-4AE1-BEF3-636B69CD83E8",
        "listingCurrencyIso": "USD",
        "name": "Alibaba Group Holding",
        "scoreId": 21152,
        "securityName": "ADS EACH REPR 1 ORD SHS (SPON) (CDI)",
        "tickerSymbol": "BABA",
        "uniqueSymbol": "NYSE:BABA",
        "uniqueSymbolSlug": "nyse-baba",
      },
      {
        "canonicalUrl": "/stocks/us/media/nasdaq-fb/facebook",
        "dateGenerated": "2020-05-24 04:51:37.000000",
        "exchangeCountryIso": "US",
        "exchangeSymbol": "NasdaqGS",
        "id": "8ACBC59A-0EC5-42D1-9F7B-6D31ABD4421E",
        "listingCurrencyIso": "USD",
        "name": "Facebook",
        "scoreId": 17129,
        "securityName": "Class A Common Stock",
        "tickerSymbol": "FB",
        "uniqueSymbol": "NasdaqGS:FB",
        "uniqueSymbolSlug": "nasdaq-fb",
      },
      {
        "canonicalUrl": "/stocks/us/software/nasdaq-msft/microsoft",
        "dateGenerated": "2020-05-24 03:39:14.000000",
        "exchangeCountryIso": "US",
        "exchangeSymbol": "NasdaqGS",
        "id": "424EB65E-8C34-42BF-A107-61F93D4E9E6D",
        "listingCurrencyIso": "USD",
        "name": "Microsoft",
        "scoreId": 81,
        "securityName": "Common Stock",
        "tickerSymbol": "MSFT",
        "uniqueSymbol": "NasdaqGS:MSFT",
        "uniqueSymbolSlug": "nasdaq-msft",
      },
      {
        "canonicalUrl": "/stocks/us/pharmaceuticals-biotech/nyse-pfe/pfizer",
        "dateGenerated": "2020-05-24 02:48:09.000000",
        "exchangeCountryIso": "US",
        "exchangeSymbol": "NYSE",
        "id": "3B07801A-1C3A-46E6-A7FF-E1F59F31C466",
        "listingCurrencyIso": "USD",
        "name": "Pfizer",
        "scoreId": 1471,
        "securityName": "Common Stock",
        "tickerSymbol": "PFE",
        "uniqueSymbol": "NYSE:PFE",
        "uniqueSymbolSlug": "nyse-pfe",
      },
      {
        "canonicalUrl": "/stocks/us/media/nyse-dis/walt-disney",
        "dateGenerated": "2020-05-24 02:40:27.000000",
        "exchangeCountryIso": "US",
        "exchangeSymbol": "NYSE",
        "id": "A0A1A293-FDA8-48DF-9EBF-35556CDE3235",
        "listingCurrencyIso": "USD",
        "name": "Walt Disney",
        "scoreId": 1629,
        "securityName": "Common Shares",
        "tickerSymbol": "DIS",
        "uniqueSymbol": "NYSE:DIS",
        "uniqueSymbolSlug": "nyse-dis",
      },
      {
        "canonicalUrl": "/stocks/us/retail/nasdaq-amzn/amazoncom",
        "dateGenerated": "2020-05-24 02:31:18.000000",
        "exchangeCountryIso": "US",
        "exchangeSymbol": "NasdaqGS",
        "id": "D0665877-9EC5-4568-8A29-E8FFF77DF072",
        "listingCurrencyIso": "USD",
        "name": "Amazon.com",
        "scoreId": 33,
        "securityName": "Common Stock",
        "tickerSymbol": "AMZ",
        "uniqueSymbol": "NasdaqGS:AMZ",
        "uniqueSymbolSlug": "nasdaq-amz",
      },
      {
        "canonicalUrl": "/stocks/us/tech/nasdaq-aapl/apple",
        "dateGenerated": "2020-05-24 02:20:41.000000",
        "exchangeCountryIso": "US",
        "exchangeSymbol": "NasdaqGS",
        "id": "743F0744-8987-4339-B565-DEE3A93E9934",
        "listingCurrencyIso": "USD",
        "name": "Apple",
        "scoreId": 162,
        "securityName": "Common Stock",
        "tickerSymbol": "AAPL",
        "uniqueSymbol": "NasdaqGS:AAPL",
        "uniqueSymbolSlug": "nasdaq-aapl",
      },
      {
        "canonicalUrl": "/stocks/au/telecom/asx-tls/telstra-shares",
        "dateGenerated": "2020-05-23 14:07:15.000000",
        "exchangeCountryIso": "AU",
        "exchangeSymbol": "ASX",
        "id": "FC7B296B-300B-4710-8F84-D68A5BFBC75B",
        "listingCurrencyIso": "AUD",
        "name": "Telstra",
        "scoreId": 1,
        "securityName": "Ordinary Shares",
        "tickerSymbol": "TLS",
        "uniqueSymbol": "ASX:TLS",
        "uniqueSymbolSlug": "asx-tls",
      },
      {
        "canonicalUrl": "/stocks/us/automobiles/nasdaq-tsla/tesla",
        "dateGenerated": "2020-05-23 08:32:49.000000",
        "exchangeCountryIso": "US",
        "exchangeSymbol": "NasdaqGS",
        "id": "65DCE5EA-70D6-417F-9CAC-1EAA92FB7F1C",
        "listingCurrencyIso": "USD",
        "name": "Tesla",
        "scoreId": 18906,
        "securityName": "Common Stock",
        "tickerSymbol": "TSLA",
        "uniqueSymbol": "NasdaqGS:TSLA",
        "uniqueSymbolSlug": "nasdaq-tsla",
      },
      {
        "canonicalUrl": "/stocks/us/transportation/nyse-dal/delta-air-lines",
        "dateGenerated": "2020-05-23 03:14:10.000000",
        "exchangeCountryIso": "US",
        "exchangeSymbol": "NYSE",
        "id": "49A0E7C9-F918-4E97-AECA-D8D37F9A3F4F",
        "listingCurrencyIso": "USD",
        "name": "Delta Air Lines",
        "scoreId": 2038,
        "securityName": "Common Stock",
        "tickerSymbol": "DAL",
        "uniqueSymbol": "NYSE:DAL",
        "uniqueSymbolSlug": "nyse-dal",
      },
    ],
  },
}
`;
